
Ошибка: commit_001 -> Исправлено название на commit_001_fixed (правило: Название должно быть понятным и содержать описание изменений)
